[introcomputing.org/index.html]
[backblue.gif]
[fade.gif]
[index.html]
[introcomputing.org/image-browser-test.html]
[introcomputing.org/code-1-introduction.html]
[introcomputing.org/code-1-exercises.html]
[introcomputing.org/code-2-variable.html]
[introcomputing.org/code-2-exercises.html]
[introcomputing.org/image-1-introduction.html]
[introcomputing.org/image-rgb-explorer.html]
[introcomputing.org/image-2-code.html]
[introcomputing.org/image-2-exercises.html]
[introcomputing.org/image-3-loops.html]
[introcomputing.org/image-3-exercises.html]
[introcomputing.org/image-4-expressions.html]
[introcomputing.org/image-4-exercises.html]
[introcomputing.org/image-5-puzzles.html]
[introcomputing.org/image-5-exercises.html]
[introcomputing.org/image-6-grayscale.html]
[introcomputing.org/image-6-exercises.html]
[introcomputing.org/image-7-if-logic.html]
[introcomputing.org/image-7-if-exercises.html]
[introcomputing.org/image-8-bluescreen.html]
[introcomputing.org/image-8-exercises.html]
[introcomputing.org/image-custom-bluescreen.html]
[introcomputing.org/hardware-1.html]
[introcomputing.org/bits-bytes-1.html]
[introcomputing.org/bits-bytes-2.html]
[introcomputing.org/software-1.html]
[introcomputing.org/software-2.html]
[introcomputing.org/table-1-data.html]
[introcomputing.org/table-1-exercises.html]
[introcomputing.org/table-2-startswith.html]
[introcomputing.org/table-2-exercises.html]
[introcomputing.org/table-3-boolean.html]
[introcomputing.org/table-3-exercises.html]
[introcomputing.org/table-4-count1.html]
[introcomputing.org/table-4-exercises.html]
[introcomputing.org/table-5-count2.html]
[introcomputing.org/table-5-exercises.html]
[introcomputing.org/simulation-1.html]
[introcomputing.org/index.html]
[introcomputing.org/style.css]
[introcomputing.org/simulation-2.html]
[introcomputing.org/cs101.js]
[introcomputing.org/cs101-table.js]
[introcomputing.org/cs101-simulation.js]
[introcomputing.org/image-browser-test.html]
[introcomputing.org/code-1.png]
[introcomputing.org/code-2.png]
[introcomputing.org/code-3.png]
[introcomputing.org/monkey.jpg]
[introcomputing.org/moon.jpg]
[introcomputing.org/banana.jpg]
[introcomputing.org/code-1-introduction.html]
[introcomputing.org/code-1-exercises.html]
[introcomputing.org/code-variable.png]
[introcomputing.org/code-2-variable.html]
[introcomputing.org/code-2-exercises.html]
[introcomputing.org/flowers.jpg]
[introcomputing.org/flowers-pixels.png]
[introcomputing.org/image-diagram1.png]
[introcomputing.org/newton-prism.jpg]
[introcomputing.org/image-diagram2.png]
[introcomputing.org/image-1-introduction.html]
[introcomputing.org/image-rgb-explorer.html]
[introcomputing.org/x.png]
[introcomputing.org/image-2-code.html]
[introcomputing.org/image-2-exercises.html]
[introcomputing.org/image-functions-reference.html]
[introcomputing.org/image-for.png]
[introcomputing.org/image-3-loops.html]
[introcomputing.org/image-3-exercises.html]
[introcomputing.org/image-4-expressions.html]
[introcomputing.org/image-4-exercises.html]
[introcomputing.org/puzzle-gold.png]
[introcomputing.org/image-5-puzzles.html]
[introcomputing.org/image-5-exercises.html]
[introcomputing.org/image-6-grayscale.html]
[introcomputing.org/golden-gate-red.jpg]
[introcomputing.org/image-6-exercises.html]
[introcomputing.org/stop.jpg]
[introcomputing.org/image-if-avg1.png]
[introcomputing.org/image-if-avg2.png]
[introcomputing.org/curb.jpg]
[introcomputing.org/image-7-if-logic.html]
[introcomputing.org/fence-ivy.jpg]
[introcomputing.org/image-7-if-exercises.html]
[introcomputing.org/leaves.jpg]
[introcomputing.org/image-bluescreen.png]
[introcomputing.org/abby.jpg]
[introcomputing.org/image-8-bluescreen.html]
[introcomputing.org/paris.jpg]
[introcomputing.org/yosemite.jpg]
[introcomputing.org/redwood.jpg]
[introcomputing.org/striped-fish-green.jpg]
[introcomputing.org/pebbles.jpg]
[introcomputing.org/striped-fish-blue.jpg]
[introcomputing.org/image-8-exercises.html]
[introcomputing.org/image-custom-bluescreen.html]
[upload.wikimedia.org/wikipedia/commons/thumb/c/c7/153056995_5ef8b01016_o.jpg/776px-153056995_5ef8b01016_o.4e.delayed]
[introcomputing.org/hardware-diagram.png]
[introcomputing.org/hardware-motherboard.jpg]
[introcomputing.org/hardware-cpu.jpg]
[introcomputing.org/hardware-cpu2.jpg]
[introcomputing.org/hardware-motherboard2.jpg]
[introcomputing.org/hardware-memory.jpg]
[introcomputing.org/hardware-drive.jpg]
[introcomputing.org/hardware-usb-key.jpg]
[introcomputing.org/hardware-usb-key2.jpg]
[introcomputing.org/hardware-sd-card.jpg]
[introcomputing.org/hardware-arduino.jpg]
[introcomputing.org/hardware-1.html]
[introcomputing.org/bits-bytes-1.html]
[introcomputing.org/bits-bytes-2.html]
[introcomputing.org/software-cpu.png]
[introcomputing.org/software-double-click.png]
[introcomputing.org/software-1.html]
[introcomputing.org/software-compiler.png]
[introcomputing.org/software-2.html]
[introcomputing.org/table.png]
[introcomputing.org/table-1-data.html]
[introcomputing.org/table-1-exercises.html]
[introcomputing.org/table-2-startswith.html]
[introcomputing.org/table-2-exercises.html]
[introcomputing.org/table-3-boolean.html]
[introcomputing.org/table-3-exercises.html]
[introcomputing.org/table-4-count1.html]
[introcomputing.org/table-4-exercises.html]
[introcomputing.org/table-5-count2.html]
[introcomputing.org/table-5-exercises.html]
[introcomputing.org/simulation-1.html]
[introcomputing.org/simulation-2.html]
[introcomputing.org/monkey.jpg]
[introcomputing.org/image-functions-reference.html]
[introcomputing.org/pebbles.jpg]
[upload.wikimedia.org/wikipedia/commons/thumb/c/c7/153056995_5ef8b01016_o.jpg/776px-153056995_5ef8b01016_o.html]
[introcomputing.org/hardware-cpu2.jpg]
[introcomputing.org/hardware-cpu.jpg]
[introcomputing.org/hardware-motherboard2.jpg]
[ajax.googleapis.com/ajax/libs/jqueryui/1.8/themes/base/jquery-ui.css]
[ajax.googleapis.com/ajax/libs/jquery/1.4/jquery.min.js]
[ajax.googleapis.com/ajax/libs/jqueryui/1.8/jquery-ui.min.js]
